output [[Str("(A Warner Bros.-First National Picture) (presents)")], [Str("A Clockwork Orange"), Num(1934)]]
output [[Str("(Set Decoration Rentals) (uncredited)")], [Str("Disaster Movie"), Num(2008)]]
output [[Str("(co-production)")], [Str("Intouchables"), Num(2011)]]
output [[Str("(Set Decoration Rentals) (uncredited)")], [Str("Disaster Movie"), Num(2004)]]
output [[Str("'Doc'")]]
output [[Str("'Doc'")]]
output []
output [[Str("& Teller")]]
output [[Str("2 Days in New York")]]
output [[Str("300: Rise of an Empire")]]
output [[Str("& Teller 2")]]
output [[Str("& Teller 2")], [Str("5.1")]]
output [[Str("Batman: Arkham City")], [Str("9.1")]]
output [[Str("& Teller 2")], [Str("2.1")]]
output [[Str("11,830,420")]]
output [[Str("Batman Beyond")], [Str("followed by")], [Str("Churchill Films")]]
output [[Str("The Money Man")], [Str("follows")], [Str("Filmlance International AB")]]
output [[Str("24")], [Str("(1997-2002) (worldwide) (all media)")], [Str("20th Century Fox Home Entertainment")]]
output [[Str("...denn sie wissen nicht, was sie tun")], [Str("(1954) (UK) (TV)")], [Str("13th Street")]]
output [[Str("3:20")], [Str("8.1")], [Str("10th Grade Reunion Films")]]
output [[Str("$10,000")], [Str("Birdemic: Shock and Terror")]]
output [[Str("$1.11")], [Str("7.1")], [Str("\"Oh That Gus!\"")]]
output [[Str("Afghanistan:24 June 2012")], [Str("&Me")], [Str("1.0")]]
output [[Str("5 Time Champion")], [Str("1.8")], [Str("501audio")]]
output [[Str("Champion")], [Str("1.8")], [Str("DL Sites")]]
output [[Str("#54 Meets #47")], [Str("1.0")], [Str("\"O\" Films")]]
output [[Str("$lowdown")], [Str("1.0")]]
output [[Str("Of Dolls and Murder")], [Str("6.4")]]
output [[Str("$lowdown")], [Str("1.0")]]
output [[Str("USA:1 June 2007")], [Str("Battlestar Galactica: The Resistance")]]
output [[Str("USA:27 April 2007")], [Str("RoboCop vs Terminator")]]
output [[Str("USA:1 April 2003")], [Str("24: Day Six - Debrief")]]
output [[Str("06/05")], [Str("(Not So) Instant Photo")]]
output [[Str("Der Serienkiller - Klinge des Todes")], [Str("followed by")], [Str("Det Danske Filminstitut")]]
output [[Str("Hämndens pris")], [Str("followed by")], [Str("Filmlance International AB")]]
output [[Str("Batman Beyond")], [Str("followed by")], [Str("Churchill Films")]]
output []
output [[Str("12 oz. Mouse")], [Str("'Angel': Season 2 Overview")], [Str("alternate language version of")]]
